[     402ms] [ERROR] No access token found @ http://localhost:4200/main.js:4402
[     516ms] [ERROR] Failed to load resource: the server responded with a status of 404 (Not Found) @ http://localhost:4200/networkDevices?classification=device:0
[     526ms] [WARNING] [WARN] Request retry: Endpoint: http://localhost:4200/networkDevices?classification=device Status: 404 RetryCount: 1 @ http://localhost:4200/main.js:3977
[     528ms] [ERROR] ERROR HttpErrorResponse @ http://localhost:4200/@fs/home/dev/MetasysAPIClient/.angular/cache/21.0.5/MetasysAPIClient/vite/deps/chunk-U5UNODTX.js?v=15c9d0e2:3149
[     732ms] [ERROR] Failed to load resource: the server responded with a status of 404 (Not Found) @ http://localhost:4200/networkDevices?classification=device:0
[     734ms] [WARNING] [WARN] Request retry: Endpoint: http://localhost:4200/networkDevices?classification=device Status: 404 RetryCount: 2 @ http://localhost:4200/main.js:3977
[     942ms] [ERROR] Failed to load resource: the server responded with a status of 404 (Not Found) @ http://localhost:4200/networkDevices?classification=device:0
[     943ms] [WARNING] [WARN] Request retry: Endpoint: http://localhost:4200/networkDevices?classification=device Status: 404 RetryCount: 3 @ http://localhost:4200/main.js:3977
[    1155ms] [ERROR] Failed to load resource: the server responded with a status of 404 (Not Found) @ http://localhost:4200/networkDevices?classification=device:0
[    1156ms] [ERROR] [ERROR] Request Failed: Endpoint: http://localhost:4200/networkDevices?classification=device Status: 404 @ http://localhost:4200/main.js:3982
[    1157ms] [ERROR] ERROR HttpErrorResponse @ http://localhost:4200/@fs/home/dev/MetasysAPIClient/.angular/cache/21.0.5/MetasysAPIClient/vite/deps/chunk-U5UNODTX.js?v=15c9d0e2:3149
[   52097ms] [WARNING] Detected a matBadge on an "aria-hidden" "<mat-icon>". Consider setting aria-hidden="false" in order to surface the information assistive technology.
<mat-icon _ngcontent-ng-c4009268068="" role="img" matbadge=" " matbadgecolor="warn" matbadgesize="small" matbadgeoverlap="true" class="mat-icon notranslate mat-badge node__icon icon--small" aria-hidden="true"></mat-icon> @ http://localhost:4200/@fs/home/dev/MetasysAPIClient/.angular/cache/21.0.5/MetasysAPIClient/vite/deps/@angular_material_badge.js?v=15c9d0e2:133
[   52107ms] [WARNING] Detected a matBadge on an "aria-hidden" "<mat-icon>". Consider setting aria-hidden="false" in order to surface the information assistive technology.
<mat-icon _ngcontent-ng-c4009268068="" role="img" matbadge=" " matbadgecolor="warn" matbadgesize="small" matbadgeoverlap="true" class="mat-icon notranslate mat-badge node__icon icon--small" aria-hidden="true"></mat-icon> @ http://localhost:4200/@fs/home/dev/MetasysAPIClient/.angular/cache/21.0.5/MetasysAPIClient/vite/deps/@angular_material_badge.js?v=15c9d0e2:133
[   52114ms] [WARNING] Detected a matBadge on an "aria-hidden" "<mat-icon>". Consider setting aria-hidden="false" in order to surface the information assistive technology.
<mat-icon _ngcontent-ng-c4009268068="" role="img" matbadge=" " matbadgecolor="warn" matbadgesize="small" matbadgeoverlap="true" class="mat-icon notranslate mat-badge node__icon icon--small" aria-hidden="true"></mat-icon> @ http://localhost:4200/@fs/home/dev/MetasysAPIClient/.angular/cache/21.0.5/MetasysAPIClient/vite/deps/@angular_material_badge.js?v=15c9d0e2:133
[   52119ms] [WARNING] Detected a matBadge on an "aria-hidden" "<mat-icon>". Consider setting aria-hidden="false" in order to surface the information assistive technology.
<mat-icon _ngcontent-ng-c4009268068="" role="img" matbadge=" " matbadgecolor="warn" matbadgesize="small" matbadgeoverlap="true" class="mat-icon notranslate mat-badge node__icon icon--small" aria-hidden="true"></mat-icon> @ http://localhost:4200/@fs/home/dev/MetasysAPIClient/.angular/cache/21.0.5/MetasysAPIClient/vite/deps/@angular_material_badge.js?v=15c9d0e2:133
[   52128ms] [WARNING] Detected a matBadge on an "aria-hidden" "<mat-icon>". Consider setting aria-hidden="false" in order to surface the information assistive technology.
<mat-icon _ngcontent-ng-c4009268068="" role="img" matbadge=" " matbadgecolor="warn" matbadgesize="small" matbadgeoverlap="true" class="mat-icon notranslate mat-badge node__icon icon--small" aria-hidden="true"></mat-icon> @ http://localhost:4200/@fs/home/dev/MetasysAPIClient/.angular/cache/21.0.5/MetasysAPIClient/vite/deps/@angular_material_badge.js?v=15c9d0e2:133
[   53564ms] [WARNING] Detected a matBadge on an "aria-hidden" "<mat-icon>". Consider setting aria-hidden="false" in order to surface the information assistive technology.
<mat-icon _ngcontent-ng-c4009268068="" role="img" matbadge=" " matbadgecolor="warn" matbadgesize="small" matbadgeoverlap="true" class="mat-icon notranslate mat-badge node__icon icon--small" aria-hidden="true"></mat-icon> @ http://localhost:4200/@fs/home/dev/MetasysAPIClient/.angular/cache/21.0.5/MetasysAPIClient/vite/deps/@angular_material_badge.js?v=15c9d0e2:133
[   53565ms] [WARNING] Detected a matBadge on an "aria-hidden" "<mat-icon>". Consider setting aria-hidden="false" in order to surface the information assistive technology.
<mat-icon _ngcontent-ng-c4009268068="" role="img" matbadge=" " matbadgecolor="warn" matbadgesize="small" matbadgeoverlap="true" class="mat-icon notranslate mat-badge node__icon icon--small" aria-hidden="true"></mat-icon> @ http://localhost:4200/@fs/home/dev/MetasysAPIClient/.angular/cache/21.0.5/MetasysAPIClient/vite/deps/@angular_material_badge.js?v=15c9d0e2:133
[   53566ms] [WARNING] Detected a matBadge on an "aria-hidden" "<mat-icon>". Consider setting aria-hidden="false" in order to surface the information assistive technology.
<mat-icon _ngcontent-ng-c4009268068="" role="img" matbadge=" " matbadgecolor="warn" matbadgesize="small" matbadgeoverlap="true" class="mat-icon notranslate mat-badge node__icon icon--small" aria-hidden="true"></mat-icon> @ http://localhost:4200/@fs/home/dev/MetasysAPIClient/.angular/cache/21.0.5/MetasysAPIClient/vite/deps/@angular_material_badge.js?v=15c9d0e2:133
[   53567ms] [WARNING] Detected a matBadge on an "aria-hidden" "<mat-icon>". Consider setting aria-hidden="false" in order to surface the information assistive technology.
<mat-icon _ngcontent-ng-c4009268068="" role="img" matbadge=" " matbadgecolor="warn" matbadgesize="small" matbadgeoverlap="true" class="mat-icon notranslate mat-badge node__icon icon--small" aria-hidden="true"></mat-icon> @ http://localhost:4200/@fs/home/dev/MetasysAPIClient/.angular/cache/21.0.5/MetasysAPIClient/vite/deps/@angular_material_badge.js?v=15c9d0e2:133
[   53568ms] [WARNING] Detected a matBadge on an "aria-hidden" "<mat-icon>". Consider setting aria-hidden="false" in order to surface the information assistive technology.
<mat-icon _ngcontent-ng-c4009268068="" role="img" matbadge=" " matbadgecolor="warn" matbadgesize="small" matbadgeoverlap="true" class="mat-icon notranslate mat-badge node__icon icon--small" aria-hidden="true"></mat-icon> @ http://localhost:4200/@fs/home/dev/MetasysAPIClient/.angular/cache/21.0.5/MetasysAPIClient/vite/deps/@angular_material_badge.js?v=15c9d0e2:133
[   53570ms] [WARNING] Detected a matBadge on an "aria-hidden" "<mat-icon>". Consider setting aria-hidden="false" in order to surface the information assistive technology.
<mat-icon _ngcontent-ng-c4009268068="" role="img" matbadge=" " matbadgecolor="warn" matbadgesize="small" matbadgeoverlap="true" class="mat-icon notranslate mat-badge node__icon icon--small" aria-hidden="true"></mat-icon> @ http://localhost:4200/@fs/home/dev/MetasysAPIClient/.angular/cache/21.0.5/MetasysAPIClient/vite/deps/@angular_material_badge.js?v=15c9d0e2:133
[   53571ms] [WARNING] Detected a matBadge on an "aria-hidden" "<mat-icon>". Consider setting aria-hidden="false" in order to surface the information assistive technology.
<mat-icon _ngcontent-ng-c4009268068="" role="img" matbadge=" " matbadgecolor="warn" matbadgesize="small" matbadgeoverlap="true" class="mat-icon notranslate mat-badge node__icon icon--small" aria-hidden="true"></mat-icon> @ http://localhost:4200/@fs/home/dev/MetasysAPIClient/.angular/cache/21.0.5/MetasysAPIClient/vite/deps/@angular_material_badge.js?v=15c9d0e2:133
[   53572ms] [WARNING] Detected a matBadge on an "aria-hidden" "<mat-icon>". Consider setting aria-hidden="false" in order to surface the information assistive technology.
<mat-icon _ngcontent-ng-c4009268068="" role="img" matbadge=" " matbadgecolor="warn" matbadgesize="small" matbadgeoverlap="true" class="mat-icon notranslate mat-badge node__icon icon--small" aria-hidden="true"></mat-icon> @ http://localhost:4200/@fs/home/dev/MetasysAPIClient/.angular/cache/21.0.5/MetasysAPIClient/vite/deps/@angular_material_badge.js?v=15c9d0e2:133
[   53573ms] [WARNING] Detected a matBadge on an "aria-hidden" "<mat-icon>". Consider setting aria-hidden="false" in order to surface the information assistive technology.
<mat-icon _ngcontent-ng-c4009268068="" role="img" matbadge=" " matbadgecolor="warn" matbadgesize="small" matbadgeoverlap="true" class="mat-icon notranslate mat-badge node__icon icon--small" aria-hidden="true"></mat-icon> @ http://localhost:4200/@fs/home/dev/MetasysAPIClient/.angular/cache/21.0.5/MetasysAPIClient/vite/deps/@angular_material_badge.js?v=15c9d0e2:133
[   53574ms] [WARNING] Detected a matBadge on an "aria-hidden" "<mat-icon>". Consider setting aria-hidden="false" in order to surface the information assistive technology.
<mat-icon _ngcontent-ng-c4009268068="" role="img" matbadge=" " matbadgecolor="warn" matbadgesize="small" matbadgeoverlap="true" class="mat-icon notranslate mat-badge node__icon icon--small" aria-hidden="true"></mat-icon> @ http://localhost:4200/@fs/home/dev/MetasysAPIClient/.angular/cache/21.0.5/MetasysAPIClient/vite/deps/@angular_material_badge.js?v=15c9d0e2:133
[   53575ms] [WARNING] Detected a matBadge on an "aria-hidden" "<mat-icon>". Consider setting aria-hidden="false" in order to surface the information assistive technology.
<mat-icon _ngcontent-ng-c4009268068="" role="img" matbadge=" " matbadgecolor="warn" matbadgesize="small" matbadgeoverlap="true" class="mat-icon notranslate mat-badge node__icon icon--small" aria-hidden="true"></mat-icon> @ http://localhost:4200/@fs/home/dev/MetasysAPIClient/.angular/cache/21.0.5/MetasysAPIClient/vite/deps/@angular_material_badge.js?v=15c9d0e2:133
[   53576ms] [WARNING] Detected a matBadge on an "aria-hidden" "<mat-icon>". Consider setting aria-hidden="false" in order to surface the information assistive technology.
<mat-icon _ngcontent-ng-c4009268068="" role="img" matbadge=" " matbadgecolor="warn" matbadgesize="small" matbadgeoverlap="true" class="mat-icon notranslate mat-badge node__icon icon--small" aria-hidden="true"></mat-icon> @ http://localhost:4200/@fs/home/dev/MetasysAPIClient/.angular/cache/21.0.5/MetasysAPIClient/vite/deps/@angular_material_badge.js?v=15c9d0e2:133
[   53577ms] [WARNING] Detected a matBadge on an "aria-hidden" "<mat-icon>". Consider setting aria-hidden="false" in order to surface the information assistive technology.
<mat-icon _ngcontent-ng-c4009268068="" role="img" matbadge=" " matbadgecolor="warn" matbadgesize="small" matbadgeoverlap="true" class="mat-icon notranslate mat-badge node__icon icon--small" aria-hidden="true"></mat-icon> @ http://localhost:4200/@fs/home/dev/MetasysAPIClient/.angular/cache/21.0.5/MetasysAPIClient/vite/deps/@angular_material_badge.js?v=15c9d0e2:133
[   53578ms] [WARNING] Detected a matBadge on an "aria-hidden" "<mat-icon>". Consider setting aria-hidden="false" in order to surface the information assistive technology.
<mat-icon _ngcontent-ng-c4009268068="" role="img" matbadge=" " matbadgecolor="warn" matbadgesize="small" matbadgeoverlap="true" class="mat-icon notranslate mat-badge node__icon icon--small" aria-hidden="true"></mat-icon> @ http://localhost:4200/@fs/home/dev/MetasysAPIClient/.angular/cache/21.0.5/MetasysAPIClient/vite/deps/@angular_material_badge.js?v=15c9d0e2:133
[   53579ms] [WARNING] Detected a matBadge on an "aria-hidden" "<mat-icon>". Consider setting aria-hidden="false" in order to surface the information assistive technology.
<mat-icon _ngcontent-ng-c4009268068="" role="img" matbadge=" " matbadgecolor="warn" matbadgesize="small" matbadgeoverlap="true" class="mat-icon notranslate mat-badge node__icon icon--small" aria-hidden="true"></mat-icon> @ http://localhost:4200/@fs/home/dev/MetasysAPIClient/.angular/cache/21.0.5/MetasysAPIClient/vite/deps/@angular_material_badge.js?v=15c9d0e2:133
